2025-11-13T00:32:23.9325710Z Current runner version: '2.329.0'
2025-11-13T00:32:23.9340620Z ##[group]Runner Image Provisioner
2025-11-13T00:32:23.9341170Z Hosted Compute Agent
2025-11-13T00:32:23.9341510Z Version: 20251016.436
2025-11-13T00:32:23.9341890Z Commit: 8ab8ac8bfd662a3739dab9fe09456aba92132568
2025-11-13T00:32:23.9342320Z Build Date: 2025-10-15T20:44:12Z
2025-11-13T00:32:23.9342690Z ##[endgroup]
2025-11-13T00:32:23.9343020Z ##[group]Operating System
2025-11-13T00:32:23.9343390Z macOS
2025-11-13T00:32:23.9343690Z 15.7.1
2025-11-13T00:32:23.9344020Z 24G231
2025-11-13T00:32:23.9344830Z ##[endgroup]
2025-11-13T00:32:23.9345150Z ##[group]Runner Image
2025-11-13T00:32:23.9345470Z Image: macos-15-arm64
2025-11-13T00:32:23.9345800Z Version: 20251104.0104
2025-11-13T00:32:23.9346530Z Included Software: https://github.com/actions/runner-images/blob/macos-15-arm64/20251104.0104/images/macos/macos-15-arm64-Readme.md
2025-11-13T00:32:23.9347670Z Image Release: https://github.com/actions/runner-images/releases/tag/macos-15-arm64%2F20251104.0104
2025-11-13T00:32:23.9348360Z ##[endgroup]
2025-11-13T00:32:23.9349070Z ##[group]GITHUB_TOKEN Permissions
2025-11-13T00:32:23.9350170Z Contents: write
2025-11-13T00:32:23.9350560Z Metadata: read
2025-11-13T00:32:23.9350890Z ##[endgroup]
2025-11-13T00:32:23.9353140Z Secret source: Actions
2025-11-13T00:32:23.9353580Z Prepare workflow directory
2025-11-13T00:32:23.9588450Z Prepare all required actions
2025-11-13T00:32:23.9634030Z Getting action download info
2025-11-13T00:32:24.2747640Z Download action repository 'actions/checkout@v5' (SHA:08c6903cd8c0fde910a37f88322edcfb5dd907a8)
2025-11-13T00:32:24.7755750Z Complete job name: Format and Lint
2025-11-13T00:32:24.8158090Z ##[group]Run actions/checkout@v5
2025-11-13T00:32:24.8158670Z with:
2025-11-13T00:32:24.8159160Z   token: ***
2025-11-13T00:32:24.8159450Z   repository: ipedro/swiftui-showcase
2025-11-13T00:32:24.8159800Z   ssh-strict: true
2025-11-13T00:32:24.8160110Z   ssh-user: git
2025-11-13T00:32:24.8160390Z   persist-credentials: true
2025-11-13T00:32:24.8160710Z   clean: true
2025-11-13T00:32:24.8161000Z   sparse-checkout-cone-mode: true
2025-11-13T00:32:24.8161330Z   fetch-depth: 1
2025-11-13T00:32:24.8161600Z   fetch-tags: false
2025-11-13T00:32:24.8161890Z   show-progress: true
2025-11-13T00:32:24.8162230Z   lfs: false
2025-11-13T00:32:24.8162590Z   submodules: false
2025-11-13T00:32:24.8162910Z   set-safe-directory: true
2025-11-13T00:32:24.8163450Z ##[endgroup]
2025-11-13T00:32:25.1848940Z Syncing repository: ipedro/swiftui-showcase
2025-11-13T00:32:25.1850300Z ##[group]Getting Git version info
2025-11-13T00:32:25.1850890Z Working directory is '/Users/runner/work/swiftui-showcase/swiftui-showcase'
2025-11-13T00:32:25.1851750Z [command]/opt/homebrew/bin/git version
2025-11-13T00:32:25.2045530Z git version 2.50.1
2025-11-13T00:32:25.2056030Z ##[endgroup]
2025-11-13T00:32:25.2062610Z Copying '/Users/runner/.gitconfig' to '/Users/runner/work/_temp/79bd4c76-5f2e-46fc-a257-b6ffe2bddd4a/.gitconfig'
2025-11-13T00:32:25.2067730Z Temporarily overriding HOME='/Users/runner/work/_temp/79bd4c76-5f2e-46fc-a257-b6ffe2bddd4a' before making global git config changes
2025-11-13T00:32:25.2068770Z Adding repository directory to the temporary git global config as a safe directory
2025-11-13T00:32:25.2070800Z [command]/opt/homebrew/bin/git config --global --add safe.directory /Users/runner/work/swiftui-showcase/swiftui-showcase
2025-11-13T00:32:25.2529960Z Deleting the contents of '/Users/runner/work/swiftui-showcase/swiftui-showcase'
2025-11-13T00:32:25.2546280Z ##[group]Initializing the repository
2025-11-13T00:32:25.2549110Z [command]/opt/homebrew/bin/git init /Users/runner/work/swiftui-showcase/swiftui-showcase
2025-11-13T00:32:25.2776170Z hint: Using 'master' as the name for the initial branch. This default branch name
2025-11-13T00:32:25.2780380Z hint: is subject to change. To configure the initial branch name to use in all
2025-11-13T00:32:25.2781080Z hint: of your new repositories, which will suppress this warning, call:
2025-11-13T00:32:25.2781720Z hint:
2025-11-13T00:32:25.2783160Z hint: 	git config --global init.defaultBranch <name>
2025-11-13T00:32:25.2783750Z hint:
2025-11-13T00:32:25.2784250Z hint: Names commonly chosen instead of 'master' are 'main', 'trunk' and
2025-11-13T00:32:25.2784930Z hint: 'development'. The just-created branch can be renamed via this command:
2025-11-13T00:32:25.2785420Z hint:
2025-11-13T00:32:25.2785780Z hint: 	git branch -m <name>
2025-11-13T00:32:25.2786190Z hint:
2025-11-13T00:32:25.2786680Z hint: Disable this message with "git config set advice.defaultBranchName false"
2025-11-13T00:32:25.2788760Z Initialized empty Git repository in /Users/runner/work/swiftui-showcase/swiftui-showcase/.git/
2025-11-13T00:32:25.2790600Z [command]/opt/homebrew/bin/git remote add origin https://github.com/ipedro/swiftui-showcase
2025-11-13T00:32:25.2850630Z ##[endgroup]
2025-11-13T00:32:25.2851260Z ##[group]Disabling automatic garbage collection
2025-11-13T00:32:25.2853050Z [command]/opt/homebrew/bin/git config --local gc.auto 0
2025-11-13T00:32:25.2929250Z ##[endgroup]
2025-11-13T00:32:25.2931450Z ##[group]Setting up auth
2025-11-13T00:32:25.2933490Z [command]/opt/homebrew/bin/git config --local --name-only --get-regexp core\.sshCommand
2025-11-13T00:32:25.2994280Z [command]/opt/homebrew/bin/git submodule foreach --recursive sh -c "git config --local --name-only --get-regexp 'core\.sshCommand' && git config --local --unset-all 'core.sshCommand' || :"
2025-11-13T00:32:25.4139940Z [command]/opt/homebrew/bin/git config --local --name-only --get-regexp http\.https\:\/\/github\.com\/\.extraheader
2025-11-13T00:32:25.4273920Z [command]/opt/homebrew/bin/git submodule foreach --recursive sh -c "git config --local --name-only --get-regexp 'http\.https\:\/\/github\.com\/\.extraheader' && git config --local --unset-all 'http.https://github.com/.extraheader' || :"
2025-11-13T00:32:25.4822000Z [command]/opt/homebrew/bin/git config --local http.https://github.com/.extraheader AUTHORIZATION: basic ***
2025-11-13T00:32:25.4876160Z ##[endgroup]
2025-11-13T00:32:25.4876880Z ##[group]Fetching the repository
2025-11-13T00:32:25.4881900Z [command]/opt/homebrew/bin/git -c protocol.version=2 fetch --no-tags --prune --no-recurse-submodules --depth=1 origin +c53714af98e18e228378de036c17f0deec6fdad9:refs/remotes/origin/main
2025-11-13T00:32:26.1646620Z From https://github.com/ipedro/swiftui-showcase
2025-11-13T00:32:26.1647960Z  * [new ref]         c53714af98e18e228378de036c17f0deec6fdad9 -> origin/main
2025-11-13T00:32:26.1745430Z ##[endgroup]
2025-11-13T00:32:26.1746450Z ##[group]Determining the checkout info
2025-11-13T00:32:26.1747540Z ##[endgroup]
2025-11-13T00:32:26.1750700Z [command]/opt/homebrew/bin/git sparse-checkout disable
2025-11-13T00:32:26.1849840Z [command]/opt/homebrew/bin/git config --local --unset-all extensions.worktreeConfig
2025-11-13T00:32:26.1925130Z ##[group]Checking out the ref
2025-11-13T00:32:26.1929240Z [command]/opt/homebrew/bin/git checkout --progress --force -B main refs/remotes/origin/main
2025-11-13T00:32:26.2192530Z Switched to a new branch 'main'
2025-11-13T00:32:26.2194950Z branch 'main' set up to track 'origin/main'.
2025-11-13T00:32:26.2199660Z ##[endgroup]
2025-11-13T00:32:26.2264340Z [command]/opt/homebrew/bin/git log -1 --format=%H
2025-11-13T00:32:26.2313210Z c53714af98e18e228378de036c17f0deec6fdad9
2025-11-13T00:32:26.2453410Z ##[group]Run brew install swiftlint
2025-11-13T00:32:26.2454420Z [36;1mbrew install swiftlint[0m
2025-11-13T00:32:26.2455130Z [36;1m# Capture violations before fixing[0m
2025-11-13T00:32:26.2456030Z [36;1mswiftlint lint Sources/ Tests/ --reporter json > swiftlint-before.json || true[0m
2025-11-13T00:32:26.2456900Z [36;1mswiftlint --fix Sources/ Tests/[0m
2025-11-13T00:32:26.2457590Z [36;1mecho "âœ… SwiftLint applied successfully"[0m
2025-11-13T00:32:26.2499070Z shell: /bin/bash -e {0}
2025-11-13T00:32:26.2499670Z ##[endgroup]
2025-11-13T00:32:31.1992840Z [32m==>[0m [1mFetching downloads for: [32mswiftlint[39m[0m
2025-11-13T00:32:31.2041080Z [34m==>[0m [1mDownloading https://ghcr.io/v2/homebrew/core/swiftlint/manifests/0.62.2[0m
2025-11-13T00:32:31.7266350Z [32m==>[0m [1mFetching [32mswiftlint[39m[0m
2025-11-13T00:32:31.7271570Z [34m==>[0m [1mDownloading https://ghcr.io/v2/homebrew/core/swiftlint/blobs/sha256:6eea04003f353ad0990a495cd868b9b365614d961017d62aaf53492920515f7a[0m
2025-11-13T00:32:32.3031580Z [34m==>[0m [1mPouring swiftlint--0.62.2.arm64_sequoia.bottle.tar.gz[0m
2025-11-13T00:32:32.6078240Z ðŸº  /opt/homebrew/Cellar/swiftlint/0.62.2: 10 files, 38.2MB
2025-11-13T00:32:32.6158160Z [32m==>[0m [1mCaveats[0m
2025-11-13T00:32:32.6174790Z Bash completion has been installed to:
2025-11-13T00:32:32.6175310Z   /opt/homebrew/etc/bash_completion.d
2025-11-13T00:32:34.8930380Z Linting Swift files at paths Sources/, Tests/
2025-11-13T00:32:34.9700600Z Linting 'Sources/ShowcaseMacrosPlugin/TypeInfo.swift' (1/182)
2025-11-13T00:32:34.9701320Z Linting 'Sources/ShowcaseMacros/ShowcaseMacros.swift' (2/182)
2025-11-13T00:32:34.9702060Z Linting 'Sources/ShowcaseMacrosPlugin/ShowcaseHiddenMacro.swift' (3/182)
2025-11-13T00:32:35.0287850Z Linting 'Sources/ShowcaseMacrosPlugin/DocCommentParser.swift' (4/182)
2025-11-13T00:32:35.0288610Z Linting 'Sources/ShowcaseMacrosPlugin/ShowcaseMacrosPlugin.swift' (5/182)
2025-11-13T00:32:35.0329000Z Linting 'Sources/ShowcaseMacrosPlugin/APIReferenceGenerator.swift' (6/182)
2025-11-13T00:32:35.0353160Z Linting 'Sources/ShowcaseMacrosPlugin/Documentation.swift' (7/182)
2025-11-13T00:32:35.0404120Z Linting 'Sources/ShowcaseMacrosPlugin/ExampleFinder.swift' (8/182)
2025-11-13T00:32:35.0531780Z Linting 'Sources/ShowcaseMacrosPlugin/ShowcasableMacro.swift' (9/182)
2025-11-13T00:32:35.0553400Z Linting 'Sources/ShowcaseMacrosPlugin/TopicContentGenerator.swift' (10/182)
2025-11-13T00:32:35.0574400Z Linting 'Sources/ShowcaseMacrosPlugin/TopicConfiguration.swift' (11/182)
2025-11-13T00:32:35.0597110Z Linting 'Sources/ShowcaseMacrosPlugin/MacroError.swift' (12/182)
2025-11-13T00:32:35.0603530Z Linting 'Sources/ShowcaseMacrosPlugin/CodeGenerator.swift' (13/182)
2025-11-13T00:32:35.0622350Z Linting 'Sources/ShowcaseMacrosPlugin/MemberInfo.swift' (14/182)
2025-11-13T00:32:35.0641950Z Linting 'Sources/ShowcaseMacrosPlugin/MemberDiscovery.swift' (15/182)
2025-11-13T00:32:35.0705440Z Linting 'Sources/ShowcaseMacrosPlugin/DocumentationExtractor.swift' (16/182)
2025-11-13T00:32:35.0713340Z Linting 'Sources/ShowcaseMacrosPlugin/SyntaxExtensions.swift' (17/182)
2025-11-13T00:32:35.0789770Z Linting 'Sources/ShowcaseMacrosPlugin/AttributedStringDocCommentParser.swift' (18/182)
2025-11-13T00:32:35.0793490Z Linting 'Sources/ShowcaseMacrosPlugin/TypeRelationshipsGenerator.swift' (19/182)
2025-11-13T00:32:35.0801130Z Linting 'Sources/ShowcaseMacrosPlugin/ShowcaseExampleMacro.swift' (20/182)
2025-11-13T00:32:35.0842490Z Linting 'Sources/Showcase/Models/Note/Note.swift' (21/182)
2025-11-13T00:32:35.0854440Z Linting 'Sources/Showcase/Models/Embed/Embed.swift' (22/182)
2025-11-13T00:32:35.0887580Z Linting 'Sources/Showcase/Models/CodeBlock/CodeBlock.swift' (23/182)
2025-11-13T00:32:35.0888240Z Linting 'Sources/Showcase/Models/Example/Example.swift' (24/182)
2025-11-13T00:32:35.0897310Z Linting 'Sources/Showcase/Models/Topic/TopicContentItem.swift' (25/182)
2025-11-13T00:32:35.0947940Z Linting 'Sources/ShowcaseMacrosPlugin/MacroArguments.swift' (26/182)
2025-11-13T00:32:35.1000140Z Linting 'Sources/Showcase/Models/Topic/TopicContentBuilder.swift' (27/182)
2025-11-13T00:32:35.1008170Z Linting 'Sources/Showcase/Models/Topic/Topic.swift' (28/182)
2025-11-13T00:32:35.1008910Z Linting 'Sources/Showcase/Models/Document/DocumentContentBuilder.swift' (29/182)
2025-11-13T00:32:35.1105260Z Linting 'Sources/Showcase/Models/Topic/TopicBuilder.swift' (30/182)
2025-11-13T00:32:35.1120740Z Linting 'Sources/Showcase/Models/Document/Document.swift' (31/182)
2025-11-13T00:32:35.1207210Z Linting 'Sources/Showcase/Models/Chapter/ChapterContentBuilder.swift' (32/182)
2025-11-13T00:32:35.1224820Z Linting 'Sources/Showcase/Models/Chapter/Chapter.swift' (33/182)
2025-11-13T00:32:35.1243770Z Linting 'Sources/Showcase/Models/ListItem/ListItem.swift' (34/182)
2025-11-13T00:32:35.1247390Z Linting 'Sources/Showcase/Models/Chapter/ChapterBuilder.swift' (35/182)
2025-11-13T00:32:35.1373700Z Linting 'Sources/Showcase/Models/ExternalLink/ExternalLink+Name.swift' (36/182)
2025-11-13T00:32:35.1374620Z Linting 'Sources/Showcase/Models/Showcasable.swift' (37/182)
2025-11-13T00:32:35.1400880Z Linting 'Sources/Showcase/Models/ExampleGroup/ExampleGroup.swift' (38/182)
2025-11-13T00:32:35.1468800Z Linting 'Sources/Showcase/Extensions/Text+Optional.swift' (39/182)
2025-11-13T00:32:35.1469600Z Linting 'Sources/Showcase/Extensions/AnyButtonStyle.swift' (40/182)
2025-11-13T00:32:35.1474580Z Linting 'Sources/Showcase/Models/ExternalLink/ExternalLink.swift' (41/182)
2025-11-13T00:32:35.1511270Z Linting 'Sources/Showcase/Environment/EnvironmentValues.swift' (42/182)
2025-11-13T00:32:35.1513870Z Linting 'Sources/Showcase/Views/Note/ShowcaseNote.swift' (43/182)
2025-11-13T00:32:35.1522730Z Linting 'Sources/Showcase/Views/Embed/ShowcaseEmbed.swift' (44/182)
2025-11-13T00:32:35.1564630Z Linting 'Sources/Showcase/Views/CodeBlock/ShowcaseCodeBlockContent.swift' (45/182)
2025-11-13T00:32:35.1600530Z Linting 'Sources/Showcase/Views/CodeBlock/ShowcaseCodeBlockTheme.swift' (46/182)
2025-11-13T00:32:35.1815660Z Linting 'Sources/Showcase/Environment/EnvironmentKeys.swift' (47/182)
2025-11-13T00:32:35.1816550Z Linting 'Sources/Showcase/Views/CodeBlock/ShowcaseCodeBlock.swift' (48/182)
2025-11-13T00:32:35.1861240Z Linting 'Sources/Showcase/Views/CodeBlock/ShowcaseCodeBlockCopyButton.swift' (49/182)
2025-11-13T00:32:35.1862900Z Linting 'Sources/Showcase/Views/Example/ShowcaseExampleGroupBoxStyle.swift' (50/182)
2025-11-13T00:32:35.1898500Z Linting 'Sources/Showcase/Views/Example/ShowcaseExampleTabStyle.swift' (51/182)
2025-11-13T00:32:35.1946020Z Linting 'Sources/Showcase/Views/Example/ShowcaseExample.swift' (52/182)
2025-11-13T00:32:35.1955210Z Linting 'Sources/Showcase/Views/Layout/ShowcaseLayout.swift' (53/182)
2025-11-13T00:32:35.1959990Z Linting 'Sources/Showcase/Views/Content/ShowcaseContent.swift' (54/182)
2025-11-13T00:32:35.2014270Z Linting 'Sources/Showcase/Views/Topic/ShowcaseTopic.swift' (55/182)
2025-11-13T00:32:35.2100680Z Linting 'Sources/Showcase/Views/Topic/ShowcaseNavigationTopic.swift' (56/182)
2025-11-13T00:32:35.2105400Z Linting 'Sources/Showcase/Views/Topic/ShowcaseTopics.swift' (57/182)
2025-11-13T00:32:35.2111890Z Linting 'Sources/Showcase/Views/Example/ShowcaseExampleGroup.swift' (58/182)
2025-11-13T00:32:35.2140750Z Linting 'Sources/Showcase/Views/Document/ShowcaseNavigationStack.swift' (59/182)
2025-11-13T00:32:35.2149180Z Linting 'Sources/Showcase/Views/Document/DescriptionView.swift' (60/182)
2025-11-13T00:32:35.2194450Z Linting 'Sources/Showcase/Views/Chapter/ShowcaseChapter.swift' (61/182)
2025-11-13T00:32:35.2195070Z Linting 'Sources/Showcase/Views/Document/ShowcaseNavigationSplitView.swift' (62/182)
2025-11-13T00:32:35.2216450Z Linting 'Sources/Showcase/Views/Chapter/ShowcaseChapters.swift' (63/182)
2025-11-13T00:32:35.2292960Z Linting 'Sources/Showcase/Views/Link/ShowcaseLink.swift' (64/182)
2025-11-13T00:32:35.2293540Z Linting 'Sources/Showcase/Views/List/ShowcaseListView.swift' (65/182)
2025-11-13T00:32:35.2293960Z Linting 'Sources/Showcase/Views/IndexMenu/ShowcaseEmptyIndexMenu.swift' (66/182)
2025-11-13T00:32:35.2336560Z Linting 'Sources/Showcase/Views/IndexMenu/ShowcaseIndexMenu.swift' (67/182)
2025-11-13T00:32:35.2337440Z Linting 'Sources/Showcase/Views/IndexList/ShowcaseEmptyIndexList.swift' (68/182)
2025-11-13T00:32:35.2346960Z Linting 'Sources/Showcase/Helpers/EquatableForEach.swift' (69/182)
2025-11-13T00:32:35.2395540Z Linting 'Sources/Showcase/Helpers/Lazy.swift' (70/182)
2025-11-13T00:32:35.2421910Z Linting 'Sources/Showcase/Views/IndexList/ShowcaseIndexList.swift' (71/182)
2025-11-13T00:32:35.2432790Z Linting 'Sources/Showcase/ViewModifiers/VersionedScrollBounceBehavior.swift' (72/182)
2025-11-13T00:32:35.2469670Z Linting 'Sources/Showcase/ViewModifiers/IdiomPaddingModifier.swift' (73/182)
2025-11-13T00:32:35.2516050Z Linting 'Sources/Showcase/ViewModifiers/ScrollViewReaderModifier.swift' (74/182)
2025-11-13T00:32:35.2532800Z Linting 'Tests/ShowcaseTests/ShowcaseTests.swift' (75/182)
2025-11-13T00:32:35.2669400Z Linting 'Tests/ShowcaseTests/OrderedContentTests.swift' (76/182)
2025-11-13T00:32:35.2775840Z Linting 'Tests/ShowcaseTests/MarkdownReconstructionTests.swift' (77/182)
2025-11-13T00:32:35.2885570Z Linting 'Tests/ShowcaseTests/OptimizationTests.swift' (78/182)
2025-11-13T00:32:35.2987490Z Linting 'Tests/ShowcaseTests/NoteExtractionTests.swift' (79/182)
2025-11-13T00:32:35.3088820Z Linting 'Tests/ShowcaseTests/NoteTests.swift' (80/182)
2025-11-13T00:32:35.3190160Z Linting 'Tests/ShowcaseTests/PerformanceTests.swift' (81/182)
2025-11-13T00:32:35.3291480Z Linting 'Tests/ShowcaseTests/MarkdownFormattingTests.swift' (82/182)
2025-11-13T00:32:35.3393240Z Linting 'Tests/ShowcaseTests/ListExtractionTests.swift' (83/182)
2025-11-13T00:32:35.3496840Z Linting 'Tests/ShowcaseTests/DefaultBuilderTests.swift' (84/182)
2025-11-13T00:32:35.3598280Z Linting 'Tests/ShowcaseMacrosTests/DocCommentParserTests.swift' (85/182)
2025-11-13T00:32:35.3699820Z Linting 'Tests/ShowcaseMacrosTests/ShowcasableBasicTests.swift' (86/182)
2025-11-13T00:32:35.3801600Z Linting 'Tests/ShowcaseMacrosTests/ShowcasableExamplesTests.swift' (87/182)
2025-11-13T00:32:35.3904210Z Linting 'Tests/ShowcaseMacrosTests/ShowcaseHiddenMacroTests.swift' (89/182)
2025-11-13T00:32:35.4006480Z Linting 'Tests/ShowcaseMacrosTests/ShowcaseMacrosTestsBase.swift' (88/182)
2025-11-13T00:32:35.4108330Z Linting 'Tests/ShowcaseMacrosTests/ShowcasableAutoDiscoveryTests.swift' (90/182)
2025-11-13T00:32:35.4215840Z Linting 'Tests/ShowcaseMacrosTests/CodeBlockWhitespaceTests.swift' (91/182)
2025-11-13T00:32:35.4317560Z Linting 'Sources/ShowcaseMacros/ShowcaseMacros.swift' (92/182)
2025-11-13T00:32:35.4420510Z Linting 'Sources/ShowcaseMacrosPlugin/TypeInfo.swift' (93/182)
2025-11-13T00:32:35.4523010Z Linting 'Sources/ShowcaseMacrosPlugin/ShowcaseHiddenMacro.swift' (94/182)
2025-11-13T00:32:35.4624760Z Linting 'Sources/ShowcaseMacrosPlugin/ShowcaseMacrosPlugin.swift' (95/182)
2025-11-13T00:32:35.4727250Z Linting 'Sources/ShowcaseMacrosPlugin/DocCommentParser.swift' (96/182)
2025-11-13T00:32:35.4829440Z Linting 'Sources/ShowcaseMacrosPlugin/APIReferenceGenerator.swift' (97/182)
2025-11-13T00:32:35.4931060Z Linting 'Sources/ShowcaseMacrosPlugin/MacroArguments.swift' (98/182)
2025-11-13T00:32:35.5033640Z Linting 'Sources/ShowcaseMacrosPlugin/Documentation.swift' (99/182)
2025-11-13T00:32:35.5135960Z Linting 'Sources/ShowcaseMacrosPlugin/ExampleFinder.swift' (100/182)
2025-11-13T00:32:35.5237470Z Linting 'Sources/ShowcaseMacrosPlugin/ShowcasableMacro.swift' (101/182)
2025-11-13T00:32:35.5341800Z Linting 'Sources/ShowcaseMacrosPlugin/TopicContentGenerator.swift' (102/182)
2025-11-13T00:32:35.5444380Z Linting 'Sources/ShowcaseMacrosPlugin/TopicConfiguration.swift' (103/182)
2025-11-13T00:32:35.5546560Z Linting 'Sources/ShowcaseMacrosPlugin/MacroError.swift' (104/182)
2025-11-13T00:32:35.5648200Z Linting 'Sources/ShowcaseMacrosPlugin/CodeGenerator.swift' (105/182)
2025-11-13T00:32:35.5749640Z Linting 'Sources/ShowcaseMacrosPlugin/MemberInfo.swift' (106/182)
2025-11-13T00:32:35.5852240Z Linting 'Sources/ShowcaseMacrosPlugin/MemberDiscovery.swift' (107/182)
2025-11-13T00:32:35.5954530Z Linting 'Sources/ShowcaseMacrosPlugin/DocumentationExtractor.swift' (108/182)
2025-11-13T00:32:35.6056810Z Linting 'Sources/ShowcaseMacrosPlugin/SyntaxExtensions.swift' (109/182)
2025-11-13T00:32:35.6159400Z Linting 'Sources/ShowcaseMacrosPlugin/AttributedStringDocCommentParser.swift' (110/182)
2025-11-13T00:32:35.6260990Z Linting 'Sources/ShowcaseMacrosPlugin/TypeRelationshipsGenerator.swift' (111/182)
2025-11-13T00:32:35.6362430Z Linting 'Sources/ShowcaseMacrosPlugin/ShowcaseExampleMacro.swift' (113/182)
2025-11-13T00:32:35.6463730Z Linting 'Sources/Showcase/Models/Note/Note.swift' (112/182)
2025-11-13T00:32:35.6565500Z Linting 'Sources/Showcase/Models/Embed/Embed.swift' (114/182)
2025-11-13T00:32:35.6666090Z Linting 'Sources/Showcase/Models/CodeBlock/CodeBlock.swift' (115/182)
2025-11-13T00:32:35.6768240Z Linting 'Sources/Showcase/Models/Example/Example.swift' (116/182)
2025-11-13T00:32:35.6869140Z Linting 'Sources/Showcase/Models/Topic/TopicContentItem.swift' (117/182)
2025-11-13T00:32:35.6970040Z Linting 'Sources/Showcase/Models/Topic/TopicContentBuilder.swift' (118/182)
2025-11-13T00:32:35.7071650Z Linting 'Sources/Showcase/Models/Topic/TopicBuilder.swift' (119/182)
2025-11-13T00:32:35.7173240Z Linting 'Sources/Showcase/Models/Topic/Topic.swift' (120/182)
2025-11-13T00:32:35.7274850Z Linting 'Sources/Showcase/Models/Document/DocumentContentBuilder.swift' (121/182)
2025-11-13T00:32:35.7375720Z Linting 'Sources/Showcase/Models/Document/Document.swift' (122/182)
2025-11-13T00:32:35.7476520Z Linting 'Sources/Showcase/Models/Chapter/ChapterBuilder.swift' (123/182)
2025-11-13T00:32:35.7577580Z Linting 'Sources/Showcase/Models/Chapter/ChapterContentBuilder.swift' (124/182)
2025-11-13T00:32:35.7677900Z Linting 'Sources/Showcase/Models/Chapter/Chapter.swift' (125/182)
2025-11-13T00:32:35.7778710Z Linting 'Sources/Showcase/Models/ListItem/ListItem.swift' (126/182)
2025-11-13T00:32:35.7879710Z Linting 'Sources/Showcase/Models/ExternalLink/ExternalLink+Name.swift' (127/182)
2025-11-13T00:32:35.7980130Z Linting 'Sources/Showcase/Models/ExternalLink/ExternalLink.swift' (128/182)
2025-11-13T00:32:35.8081680Z Linting 'Sources/Showcase/Models/Showcasable.swift' (129/182)
2025-11-13T00:32:35.8183980Z Linting 'Sources/Showcase/Models/ExampleGroup/ExampleGroup.swift' (130/182)
2025-11-13T00:32:35.8285300Z Linting 'Sources/Showcase/Extensions/Text+Optional.swift' (131/182)
2025-11-13T00:32:35.8384110Z Linting 'Sources/Showcase/Extensions/AnyButtonStyle.swift' (132/182)
2025-11-13T00:32:35.8485580Z Linting 'Sources/Showcase/Environment/EnvironmentValues.swift' (133/182)
2025-11-13T00:32:35.8587390Z Linting 'Sources/Showcase/Environment/EnvironmentKeys.swift' (134/182)
2025-11-13T00:32:35.8689070Z Linting 'Sources/Showcase/Views/Note/ShowcaseNote.swift' (135/182)
2025-11-13T00:32:35.8789690Z Linting 'Sources/Showcase/Views/Embed/ShowcaseEmbed.swift' (136/182)
2025-11-13T00:32:35.8890360Z Linting 'Sources/Showcase/Views/CodeBlock/ShowcaseCodeBlockContent.swift' (137/182)
2025-11-13T00:32:35.8993380Z Linting 'Sources/Showcase/Views/CodeBlock/ShowcaseCodeBlockTheme.swift' (138/182)
2025-11-13T00:32:35.9121480Z Linting 'Sources/Showcase/Views/CodeBlock/ShowcaseCodeBlock.swift' (139/182)
2025-11-13T00:32:35.9162440Z Linting 'Sources/Showcase/Views/CodeBlock/ShowcaseCodeBlockCopyButton.swift' (140/182)
2025-11-13T00:32:35.9224450Z Linting 'Sources/Showcase/Views/Example/ShowcaseExampleTabStyle.swift' (141/182)
2025-11-13T00:32:35.9280960Z Linting 'Sources/Showcase/Views/Example/ShowcaseExampleGroupBoxStyle.swift' (142/182)
2025-11-13T00:32:35.9384880Z Linting 'Sources/Showcase/Views/Example/ShowcaseExample.swift' (143/182)
2025-11-13T00:32:35.9487590Z Linting 'Sources/Showcase/Views/Example/ShowcaseExampleGroup.swift' (144/182)
2025-11-13T00:32:35.9590340Z Linting 'Sources/Showcase/Views/Layout/ShowcaseLayout.swift' (145/182)
2025-11-13T00:32:35.9694490Z Linting 'Sources/Showcase/Views/Content/ShowcaseContent.swift' (146/182)
2025-11-13T00:32:35.9798660Z Linting 'Sources/Showcase/Views/Topic/ShowcaseTopic.swift' (147/182)
2025-11-13T00:32:35.9901680Z Linting 'Sources/Showcase/Views/Topic/ShowcaseNavigationTopic.swift' (148/182)
2025-11-13T00:32:36.0007970Z Linting 'Sources/Showcase/Views/Topic/ShowcaseTopics.swift' (149/182)
2025-11-13T00:32:36.0111160Z Linting 'Sources/Showcase/Views/Document/ShowcaseNavigationStack.swift' (150/182)
2025-11-13T00:32:36.0213030Z Linting 'Sources/Showcase/Views/Document/ShowcaseNavigationSplitView.swift' (151/182)
2025-11-13T00:32:36.0315330Z Linting 'Sources/Showcase/Views/Document/DescriptionView.swift' (152/182)
2025-11-13T00:32:36.0417520Z Linting 'Sources/Showcase/Views/Chapter/ShowcaseChapter.swift' (153/182)
2025-11-13T00:32:36.0495820Z Linting 'Sources/Showcase/Views/Chapter/ShowcaseChapters.swift' (154/182)
2025-11-13T00:32:36.0605060Z Linting 'Sources/Showcase/Views/Link/ShowcaseLink.swift' (155/182)
2025-11-13T00:32:36.0713420Z Linting 'Sources/Showcase/Views/List/ShowcaseListView.swift' (156/182)
2025-11-13T00:32:36.0830570Z Linting 'Sources/Showcase/Views/IndexMenu/ShowcaseEmptyIndexMenu.swift' (157/182)
2025-11-13T00:32:36.0955370Z Linting 'Sources/Showcase/Views/IndexMenu/ShowcaseIndexMenu.swift' (158/182)
2025-11-13T00:32:36.1063280Z Linting 'Sources/Showcase/Views/IndexList/ShowcaseEmptyIndexList.swift' (159/182)
2025-11-13T00:32:36.1180250Z Linting 'Sources/Showcase/Views/IndexList/ShowcaseIndexList.swift' (160/182)
2025-11-13T00:32:36.1298450Z Linting 'Sources/Showcase/Helpers/EquatableForEach.swift' (161/182)
2025-11-13T00:32:36.1427870Z Linting 'Sources/Showcase/Helpers/Lazy.swift' (162/182)
2025-11-13T00:32:36.1528650Z Linting 'Sources/Showcase/ViewModifiers/IdiomPaddingModifier.swift' (163/182)
2025-11-13T00:32:36.1630460Z Linting 'Sources/Showcase/ViewModifiers/VersionedScrollBounceBehavior.swift' (164/182)
2025-11-13T00:32:36.1730450Z Linting 'Sources/Showcase/ViewModifiers/ScrollViewReaderModifier.swift' (165/182)
2025-11-13T00:32:36.1831230Z Linting 'Tests/ShowcaseTests/OrderedContentTests.swift' (167/182)
2025-11-13T00:32:36.1932030Z Linting 'Tests/ShowcaseTests/ShowcaseTests.swift' (166/182)
2025-11-13T00:32:36.2032760Z Linting 'Tests/ShowcaseTests/MarkdownReconstructionTests.swift' (168/182)
2025-11-13T00:32:36.2133890Z Linting 'Tests/ShowcaseTests/OptimizationTests.swift' (169/182)
2025-11-13T00:32:36.2235740Z Linting 'Tests/ShowcaseTests/NoteExtractionTests.swift' (170/182)
2025-11-13T00:32:36.2337480Z Linting 'Tests/ShowcaseTests/NoteTests.swift' (171/182)
2025-11-13T00:32:36.2439170Z Linting 'Tests/ShowcaseTests/PerformanceTests.swift' (172/182)
2025-11-13T00:32:36.2540030Z Linting 'Tests/ShowcaseTests/MarkdownFormattingTests.swift' (173/182)
2025-11-13T00:32:36.2640640Z Linting 'Tests/ShowcaseTests/ListExtractionTests.swift' (174/182)
2025-11-13T00:32:36.2741710Z Linting 'Tests/ShowcaseTests/DefaultBuilderTests.swift' (175/182)
2025-11-13T00:32:36.2842680Z Linting 'Tests/ShowcaseMacrosTests/DocCommentParserTests.swift' (176/182)
2025-11-13T00:32:36.2943280Z Linting 'Tests/ShowcaseMacrosTests/ShowcasableBasicTests.swift' (177/182)
2025-11-13T00:32:36.3044650Z Linting 'Tests/ShowcaseMacrosTests/ShowcasableExamplesTests.swift' (178/182)
2025-11-13T00:32:36.3145180Z Linting 'Tests/ShowcaseMacrosTests/ShowcaseMacrosTestsBase.swift' (179/182)
2025-11-13T00:32:36.3246210Z Linting 'Tests/ShowcaseMacrosTests/ShowcaseHiddenMacroTests.swift' (180/182)
2025-11-13T00:32:36.3347040Z Linting 'Tests/ShowcaseMacrosTests/CodeBlockWhitespaceTests.swift' (181/182)
2025-11-13T00:32:36.3447450Z Linting 'Tests/ShowcaseMacrosTests/ShowcasableAutoDiscoveryTests.swift' (182/182)
2025-11-13T00:32:36.3548200Z Done linting! Found 0 violations, 0 serious in 182 files.
2025-11-13T00:32:36.3649390Z Correcting Swift files at paths Sources/, Tests/
2025-11-13T00:32:36.3750390Z Correcting 'Sources/ShowcaseMacros/ShowcaseMacros.swift' (1/182)
2025-11-13T00:32:36.3850620Z Correcting 'Sources/ShowcaseMacrosPlugin/TypeInfo.swift' (2/182)
2025-11-13T00:32:36.3951170Z Correcting 'Sources/ShowcaseMacrosPlugin/ShowcaseHiddenMacro.swift' (3/182)
2025-11-13T00:32:36.4052850Z Correcting 'Sources/ShowcaseMacrosPlugin/ShowcaseMacrosPlugin.swift' (4/182)
2025-11-13T00:32:36.4152580Z Correcting 'Sources/ShowcaseMacrosPlugin/DocCommentParser.swift' (5/182)
2025-11-13T00:32:36.4253830Z Correcting 'Sources/ShowcaseMacrosPlugin/APIReferenceGenerator.swift' (6/182)
2025-11-13T00:32:36.4354620Z Correcting 'Sources/ShowcaseMacrosPlugin/MacroArguments.swift' (7/182)
2025-11-13T00:32:36.4455900Z Correcting 'Sources/ShowcaseMacrosPlugin/Documentation.swift' (8/182)
2025-11-13T00:32:36.4558030Z Correcting 'Sources/ShowcaseMacrosPlugin/ExampleFinder.swift' (9/182)
2025-11-13T00:32:36.4659790Z Correcting 'Sources/ShowcaseMacrosPlugin/ShowcasableMacro.swift' (10/182)
2025-11-13T00:32:36.4762720Z Correcting 'Sources/ShowcaseMacrosPlugin/TopicContentGenerator.swift' (11/182)
2025-11-13T00:32:36.4863390Z Correcting 'Sources/ShowcaseMacrosPlugin/TopicConfiguration.swift' (12/182)
2025-11-13T00:32:36.4965840Z Correcting 'Sources/ShowcaseMacrosPlugin/MacroError.swift' (13/182)
2025-11-13T00:32:36.5066410Z Correcting 'Sources/ShowcaseMacrosPlugin/CodeGenerator.swift' (14/182)
2025-11-13T00:32:36.5167690Z Correcting 'Sources/ShowcaseMacrosPlugin/MemberInfo.swift' (15/182)
2025-11-13T00:32:36.5269290Z Correcting 'Sources/ShowcaseMacrosPlugin/MemberDiscovery.swift' (16/182)
2025-11-13T00:32:36.5370480Z Correcting 'Sources/ShowcaseMacrosPlugin/DocumentationExtractor.swift' (17/182)
2025-11-13T00:32:36.5471380Z Correcting 'Sources/ShowcaseMacrosPlugin/SyntaxExtensions.swift' (18/182)
2025-11-13T00:32:36.5585430Z Correcting 'Sources/ShowcaseMacrosPlugin/AttributedStringDocCommentParser.swift' (19/182)
2025-11-13T00:32:36.5684030Z Correcting 'Sources/ShowcaseMacrosPlugin/TypeRelationshipsGenerator.swift' (20/182)
2025-11-13T00:32:36.5791310Z Correcting 'Sources/ShowcaseMacrosPlugin/ShowcaseExampleMacro.swift' (21/182)
2025-11-13T00:32:36.5890930Z Correcting 'Sources/Showcase/Models/Note/Note.swift' (22/182)
2025-11-13T00:32:36.5992910Z Correcting 'Sources/Showcase/Models/Embed/Embed.swift' (23/182)
2025-11-13T00:32:36.6095040Z Correcting 'Sources/Showcase/Models/CodeBlock/CodeBlock.swift' (24/182)
2025-11-13T00:32:36.6198580Z Correcting 'Sources/Showcase/Models/Example/Example.swift' (25/182)
2025-11-13T00:32:36.6300690Z Correcting 'Sources/Showcase/Models/Topic/TopicContentItem.swift' (26/182)
2025-11-13T00:32:36.6402060Z Correcting 'Sources/Showcase/Models/Topic/TopicContentBuilder.swift' (27/182)
2025-11-13T00:32:36.6503120Z Correcting 'Sources/Showcase/Models/Topic/TopicBuilder.swift' (28/182)
2025-11-13T00:32:36.6604390Z Correcting 'Sources/Showcase/Models/Topic/Topic.swift' (29/182)
2025-11-13T00:32:36.6705610Z Correcting 'Sources/Showcase/Models/Document/DocumentContentBuilder.swift' (30/182)
2025-11-13T00:32:36.6806660Z Correcting 'Sources/Showcase/Models/Document/Document.swift' (31/182)
2025-11-13T00:32:36.6907960Z Correcting 'Sources/Showcase/Models/Chapter/ChapterBuilder.swift' (32/182)
2025-11-13T00:32:36.7009350Z Correcting 'Sources/Showcase/Models/Chapter/ChapterContentBuilder.swift' (33/182)
2025-11-13T00:32:36.7110660Z Correcting 'Sources/Showcase/Models/Chapter/Chapter.swift' (34/182)
2025-11-13T00:32:36.7211890Z Correcting 'Sources/Showcase/Models/ListItem/ListItem.swift' (35/182)
2025-11-13T00:32:36.7317120Z Correcting 'Sources/Showcase/Models/ExternalLink/ExternalLink+Name.swift' (36/182)
2025-11-13T00:32:36.7418350Z Correcting 'Sources/Showcase/Models/ExternalLink/ExternalLink.swift' (37/182)
2025-11-13T00:32:36.7519570Z Correcting 'Sources/Showcase/Models/Showcasable.swift' (38/182)
2025-11-13T00:32:36.7620520Z Correcting 'Sources/Showcase/Models/ExampleGroup/ExampleGroup.swift' (39/182)
2025-11-13T00:32:36.7723840Z Correcting 'Sources/Showcase/Extensions/Text+Optional.swift' (40/182)
2025-11-13T00:32:36.7824990Z Correcting 'Sources/Showcase/Extensions/AnyButtonStyle.swift' (41/182)
2025-11-13T00:32:36.7926230Z Correcting 'Sources/Showcase/Environment/EnvironmentValues.swift' (42/182)
2025-11-13T00:32:36.8027330Z Correcting 'Sources/Showcase/Environment/EnvironmentKeys.swift' (43/182)
2025-11-13T00:32:36.8129200Z Correcting 'Sources/Showcase/Views/Note/ShowcaseNote.swift' (44/182)
2025-11-13T00:32:36.8230970Z Correcting 'Sources/Showcase/Views/Embed/ShowcaseEmbed.swift' (45/182)
2025-11-13T00:32:36.8332720Z Correcting 'Sources/Showcase/Views/CodeBlock/ShowcaseCodeBlockContent.swift' (46/182)
2025-11-13T00:32:36.8433960Z Correcting 'Sources/Showcase/Views/CodeBlock/ShowcaseCodeBlockTheme.swift' (47/182)
2025-11-13T00:32:36.8535060Z Correcting 'Sources/Showcase/Views/CodeBlock/ShowcaseCodeBlock.swift' (48/182)
2025-11-13T00:32:36.8636110Z Correcting 'Sources/Showcase/Views/CodeBlock/ShowcaseCodeBlockCopyButton.swift' (49/182)
2025-11-13T00:32:36.8737330Z Correcting 'Sources/Showcase/Views/Example/ShowcaseExampleTabStyle.swift' (50/182)
2025-11-13T00:32:36.8838610Z Correcting 'Sources/Showcase/Views/Example/ShowcaseExampleGroupBoxStyle.swift' (51/182)
2025-11-13T00:32:36.8940250Z Correcting 'Sources/Showcase/Views/Example/ShowcaseExample.swift' (52/182)
2025-11-13T00:32:36.9042000Z Correcting 'Sources/Showcase/Views/Example/ShowcaseExampleGroup.swift' (53/182)
2025-11-13T00:32:36.9143220Z Correcting 'Sources/Showcase/Views/Layout/ShowcaseLayout.swift' (54/182)
2025-11-13T00:32:36.9245270Z Correcting 'Sources/Showcase/Views/Content/ShowcaseContent.swift' (55/182)
2025-11-13T00:32:36.9346340Z Correcting 'Sources/Showcase/Views/Topic/ShowcaseTopic.swift' (56/182)
2025-11-13T00:32:36.9448130Z Correcting 'Sources/Showcase/Views/Topic/ShowcaseNavigationTopic.swift' (57/182)
2025-11-13T00:32:36.9549860Z Correcting 'Sources/Showcase/Views/Topic/ShowcaseTopics.swift' (58/182)
2025-11-13T00:32:36.9651000Z Correcting 'Sources/Showcase/Views/Document/ShowcaseNavigationStack.swift' (59/182)
2025-11-13T00:32:36.9752390Z Correcting 'Sources/Showcase/Views/Document/ShowcaseNavigationSplitView.swift' (60/182)
2025-11-13T00:32:36.9853590Z Correcting 'Sources/Showcase/Views/Document/DescriptionView.swift' (61/182)
2025-11-13T00:32:36.9955010Z Correcting 'Sources/Showcase/Views/Chapter/ShowcaseChapter.swift' (62/182)
2025-11-13T00:32:37.0056810Z Correcting 'Sources/Showcase/Views/Chapter/ShowcaseChapters.swift' (63/182)
2025-11-13T00:32:37.0158640Z Correcting 'Sources/Showcase/Views/Link/ShowcaseLink.swift' (64/182)
2025-11-13T00:32:37.0259800Z Correcting 'Sources/Showcase/Views/List/ShowcaseListView.swift' (65/182)
2025-11-13T00:32:37.0361020Z Correcting 'Sources/Showcase/Views/IndexMenu/ShowcaseEmptyIndexMenu.swift' (66/182)
2025-11-13T00:32:37.0462460Z Correcting 'Sources/Showcase/Views/IndexMenu/ShowcaseIndexMenu.swift' (67/182)
2025-11-13T00:32:37.0564580Z Correcting 'Sources/Showcase/Views/IndexList/ShowcaseEmptyIndexList.swift' (68/182)
2025-11-13T00:32:37.0684940Z Correcting 'Sources/Showcase/Views/IndexList/ShowcaseIndexList.swift' (69/182)
2025-11-13T00:32:37.0786220Z Correcting 'Sources/Showcase/Helpers/EquatableForEach.swift' (70/182)
2025-11-13T00:32:37.0888300Z Correcting 'Sources/Showcase/Helpers/Lazy.swift' (71/182)
2025-11-13T00:32:37.0989730Z Correcting 'Sources/Showcase/ViewModifiers/IdiomPaddingModifier.swift' (72/182)
2025-11-13T00:32:37.1091050Z Correcting 'Sources/Showcase/ViewModifiers/VersionedScrollBounceBehavior.swift' (73/182)
2025-11-13T00:32:37.1192410Z Correcting 'Sources/Showcase/ViewModifiers/ScrollViewReaderModifier.swift' (74/182)
2025-11-13T00:32:37.1293580Z Correcting 'Tests/ShowcaseTests/ShowcaseTests.swift' (75/182)
2025-11-13T00:32:37.1394610Z Correcting 'Tests/ShowcaseTests/OrderedContentTests.swift' (76/182)
2025-11-13T00:32:37.1495780Z Correcting 'Tests/ShowcaseTests/MarkdownReconstructionTests.swift' (77/182)
2025-11-13T00:32:37.1605530Z Correcting 'Tests/ShowcaseTests/OptimizationTests.swift' (78/182)
2025-11-13T00:32:37.1706910Z Correcting 'Tests/ShowcaseTests/NoteExtractionTests.swift' (79/182)
2025-11-13T00:32:37.1807930Z Correcting 'Tests/ShowcaseTests/NoteTests.swift' (80/182)
2025-11-13T00:32:37.1909040Z Correcting 'Tests/ShowcaseTests/PerformanceTests.swift' (81/182)
2025-11-13T00:32:37.2010260Z Correcting 'Tests/ShowcaseTests/MarkdownFormattingTests.swift' (82/182)
2025-11-13T00:32:37.2112170Z Correcting 'Tests/ShowcaseTests/ListExtractionTests.swift' (83/182)
2025-11-13T00:32:37.2213350Z Correcting 'Tests/ShowcaseTests/DefaultBuilderTests.swift' (84/182)
2025-11-13T00:32:37.2314520Z Correcting 'Tests/ShowcaseMacrosTests/DocCommentParserTests.swift' (85/182)
2025-11-13T00:32:37.2415820Z Correcting 'Tests/ShowcaseMacrosTests/ShowcasableBasicTests.swift' (86/182)
2025-11-13T00:32:37.2516900Z Correcting 'Tests/ShowcaseMacrosTests/ShowcasableExamplesTests.swift' (87/182)
2025-11-13T00:32:37.2618070Z Correcting 'Tests/ShowcaseMacrosTests/ShowcaseMacrosTestsBase.swift' (88/182)
2025-11-13T00:32:37.2719070Z Correcting 'Tests/ShowcaseMacrosTests/ShowcaseHiddenMacroTests.swift' (89/182)
2025-11-13T00:32:37.2823310Z Correcting 'Tests/ShowcaseMacrosTests/ShowcasableAutoDiscoveryTests.swift' (90/182)
2025-11-13T00:32:37.2925100Z Correcting 'Tests/ShowcaseMacrosTests/CodeBlockWhitespaceTests.swift' (91/182)
2025-11-13T00:32:37.3026310Z Correcting 'Sources/ShowcaseMacros/ShowcaseMacros.swift' (92/182)
2025-11-13T00:32:37.3127570Z Correcting 'Sources/ShowcaseMacrosPlugin/TypeInfo.swift' (93/182)
2025-11-13T00:32:37.3228640Z Correcting 'Sources/ShowcaseMacrosPlugin/ShowcaseHiddenMacro.swift' (94/182)
2025-11-13T00:32:37.3329670Z Correcting 'Sources/ShowcaseMacrosPlugin/ShowcaseMacrosPlugin.swift' (95/182)
2025-11-13T00:32:37.3431130Z Correcting 'Sources/ShowcaseMacrosPlugin/DocCommentParser.swift' (96/182)
2025-11-13T00:32:37.3532980Z Correcting 'Sources/ShowcaseMacrosPlugin/APIReferenceGenerator.swift' (97/182)
2025-11-13T00:32:37.3634280Z Correcting 'Sources/ShowcaseMacrosPlugin/MacroArguments.swift' (98/182)
2025-11-13T00:32:37.3735300Z Correcting 'Sources/ShowcaseMacrosPlugin/Documentation.swift' (99/182)
2025-11-13T00:32:37.3836460Z Correcting 'Sources/ShowcaseMacrosPlugin/ExampleFinder.swift' (100/182)
2025-11-13T00:32:37.3937660Z Correcting 'Sources/ShowcaseMacrosPlugin/ShowcasableMacro.swift' (101/182)
2025-11-13T00:32:37.4039100Z Correcting 'Sources/ShowcaseMacrosPlugin/TopicContentGenerator.swift' (102/182)
2025-11-13T00:32:37.4140370Z Correcting 'Sources/ShowcaseMacrosPlugin/TopicConfiguration.swift' (103/182)
2025-11-13T00:32:37.4241350Z Correcting 'Sources/ShowcaseMacrosPlugin/MacroError.swift' (104/182)
2025-11-13T00:32:37.4342500Z Correcting 'Sources/ShowcaseMacrosPlugin/CodeGenerator.swift' (105/182)
2025-11-13T00:32:37.4443630Z Correcting 'Sources/ShowcaseMacrosPlugin/MemberInfo.swift' (106/182)
2025-11-13T00:32:37.4544980Z Correcting 'Sources/ShowcaseMacrosPlugin/MemberDiscovery.swift' (107/182)
2025-11-13T00:32:37.4545450Z Correcting 'Sources/ShowcaseMacrosPlugin/DocumentationExtractor.swift' (108/182)
2025-11-13T00:32:37.4646510Z Correcting 'Sources/ShowcaseMacrosPlugin/SyntaxExtensions.swift' (109/182)
2025-11-13T00:32:37.4747640Z Correcting 'Sources/ShowcaseMacrosPlugin/AttributedStringDocCommentParser.swift' (110/182)
2025-11-13T00:32:37.4849830Z Correcting 'Sources/ShowcaseMacrosPlugin/TypeRelationshipsGenerator.swift' (111/182)
2025-11-13T00:32:37.4952230Z Correcting 'Sources/ShowcaseMacrosPlugin/ShowcaseExampleMacro.swift' (112/182)
2025-11-13T00:32:37.5057010Z Correcting 'Sources/Showcase/Models/Note/Note.swift' (113/182)
2025-11-13T00:32:37.5158640Z Correcting 'Sources/Showcase/Models/Embed/Embed.swift' (114/182)
2025-11-13T00:32:37.5260100Z Correcting 'Sources/Showcase/Models/CodeBlock/CodeBlock.swift' (115/182)
2025-11-13T00:32:37.5361230Z Correcting 'Sources/Showcase/Models/Example/Example.swift' (116/182)
2025-11-13T00:32:37.5462670Z Correcting 'Sources/Showcase/Models/Topic/TopicContentItem.swift' (117/182)
2025-11-13T00:32:37.5563840Z Correcting 'Sources/Showcase/Models/Topic/TopicContentBuilder.swift' (118/182)
2025-11-13T00:32:37.5665770Z Correcting 'Sources/Showcase/Models/Topic/TopicBuilder.swift' (119/182)
2025-11-13T00:32:37.5768040Z Correcting 'Sources/Showcase/Models/Topic/Topic.swift' (120/182)
2025-11-13T00:32:37.5869760Z Correcting 'Sources/Showcase/Models/Document/DocumentContentBuilder.swift' (121/182)
2025-11-13T00:32:37.5970780Z Correcting 'Sources/Showcase/Models/Document/Document.swift' (122/182)
2025-11-13T00:32:37.6072460Z Correcting 'Sources/Showcase/Models/Chapter/ChapterBuilder.swift' (123/182)
2025-11-13T00:32:37.6173710Z Correcting 'Sources/Showcase/Models/Chapter/ChapterContentBuilder.swift' (124/182)
2025-11-13T00:32:37.6274820Z Correcting 'Sources/Showcase/Models/Chapter/Chapter.swift' (125/182)
2025-11-13T00:32:37.6375980Z Correcting 'Sources/Showcase/Models/ListItem/ListItem.swift' (126/182)
2025-11-13T00:32:37.6477290Z Correcting 'Sources/Showcase/Models/ExternalLink/ExternalLink+Name.swift' (127/182)
2025-11-13T00:32:37.6608740Z Correcting 'Sources/Showcase/Models/ExternalLink/ExternalLink.swift' (128/182)
2025-11-13T00:32:37.6613300Z âœ… SwiftLint applied successfully
2025-11-13T00:32:37.6716350Z Correcting 'Sources/Showcase/Models/Showcasable.swift' (129/182)
2025-11-13T00:32:37.6818380Z Correcting 'Sources/Showcase/Models/ExampleGroup/ExampleGroup.swift' (130/182)
2025-11-13T00:32:37.6919920Z Correcting 'Sources/Showcase/Extensions/Text+Optional.swift' (131/182)
2025-11-13T00:32:37.7024280Z Correcting 'Sources/Showcase/Extensions/AnyButtonStyle.swift' (132/182)
2025-11-13T00:32:37.7126020Z Correcting 'Sources/Showcase/Environment/EnvironmentValues.swift' (133/182)
2025-11-13T00:32:37.7227340Z Correcting 'Sources/Showcase/Environment/EnvironmentKeys.swift' (134/182)
2025-11-13T00:32:37.7328770Z Correcting 'Sources/Showcase/Views/Note/ShowcaseNote.swift' (135/182)
2025-11-13T00:32:37.7430090Z Correcting 'Sources/Showcase/Views/Embed/ShowcaseEmbed.swift' (136/182)
2025-11-13T00:32:37.7530360Z Correcting 'Sources/Showcase/Views/CodeBlock/ShowcaseCodeBlockContent.swift' (137/182)
2025-11-13T00:32:37.7632290Z Correcting 'Sources/Showcase/Views/CodeBlock/ShowcaseCodeBlockTheme.swift' (138/182)
2025-11-13T00:32:37.7735330Z Correcting 'Sources/Showcase/Views/CodeBlock/ShowcaseCodeBlock.swift' (139/182)
2025-11-13T00:32:37.7834510Z Correcting 'Sources/Showcase/Views/CodeBlock/ShowcaseCodeBlockCopyButton.swift' (140/182)
2025-11-13T00:32:37.7936490Z Correcting 'Sources/Showcase/Views/Example/ShowcaseExampleTabStyle.swift' (141/182)
2025-11-13T00:32:37.8040500Z Correcting 'Sources/Showcase/Views/Example/ShowcaseExampleGroupBoxStyle.swift' (142/182)
2025-11-13T00:32:37.8141980Z Correcting 'Sources/Showcase/Views/Example/ShowcaseExample.swift' (143/182)
2025-11-13T00:32:37.8243220Z Correcting 'Sources/Showcase/Views/Example/ShowcaseExampleGroup.swift' (144/182)
2025-11-13T00:32:37.8344780Z Correcting 'Sources/Showcase/Views/Layout/ShowcaseLayout.swift' (145/182)
2025-11-13T00:32:37.8446960Z Correcting 'Sources/Showcase/Views/Content/ShowcaseContent.swift' (146/182)
2025-11-13T00:32:37.8546680Z Correcting 'Sources/Showcase/Views/Topic/ShowcaseTopic.swift' (147/182)
2025-11-13T00:32:37.8648140Z Correcting 'Sources/Showcase/Views/Topic/ShowcaseNavigationTopic.swift' (148/182)
2025-11-13T00:32:37.8749130Z Correcting 'Sources/Showcase/Views/Topic/ShowcaseTopics.swift' (149/182)
2025-11-13T00:32:37.8849630Z Correcting 'Sources/Showcase/Views/Document/ShowcaseNavigationStack.swift' (150/182)
2025-11-13T00:32:37.8950630Z Correcting 'Sources/Showcase/Views/Document/ShowcaseNavigationSplitView.swift' (151/182)
2025-11-13T00:32:37.9052000Z Correcting 'Sources/Showcase/Views/Document/DescriptionView.swift' (152/182)
2025-11-13T00:32:37.9153260Z Correcting 'Sources/Showcase/Views/Chapter/ShowcaseChapter.swift' (153/182)
2025-11-13T00:32:37.9255620Z Correcting 'Sources/Showcase/Views/Chapter/ShowcaseChapters.swift' (154/182)
2025-11-13T00:32:37.9357440Z Correcting 'Sources/Showcase/Views/Link/ShowcaseLink.swift' (155/182)
2025-11-13T00:32:37.9459690Z Correcting 'Sources/Showcase/Views/List/ShowcaseListView.swift' (156/182)
2025-11-13T00:32:37.9560540Z Correcting 'Sources/Showcase/Views/IndexMenu/ShowcaseEmptyIndexMenu.swift' (157/182)
2025-11-13T00:32:37.9661880Z Correcting 'Sources/Showcase/Views/IndexMenu/ShowcaseIndexMenu.swift' (158/182)
2025-11-13T00:32:37.9763130Z Correcting 'Sources/Showcase/Views/IndexList/ShowcaseEmptyIndexList.swift' (159/182)
2025-11-13T00:32:37.9865020Z Correcting 'Sources/Showcase/Views/IndexList/ShowcaseIndexList.swift' (160/182)
2025-11-13T00:32:37.9966080Z Correcting 'Sources/Showcase/Helpers/EquatableForEach.swift' (161/182)
2025-11-13T00:32:38.0067280Z Correcting 'Sources/Showcase/Helpers/Lazy.swift' (162/182)
2025-11-13T00:32:38.0168470Z Correcting 'Sources/Showcase/ViewModifiers/IdiomPaddingModifier.swift' (163/182)
2025-11-13T00:32:38.0269850Z Correcting 'Sources/Showcase/ViewModifiers/VersionedScrollBounceBehavior.swift' (164/182)
2025-11-13T00:32:38.0371170Z Correcting 'Sources/Showcase/ViewModifiers/ScrollViewReaderModifier.swift' (165/182)
2025-11-13T00:32:38.0472240Z Correcting 'Tests/ShowcaseTests/ShowcaseTests.swift' (166/182)
2025-11-13T00:32:38.0573590Z Correcting 'Tests/ShowcaseTests/OrderedContentTests.swift' (167/182)
2025-11-13T00:32:38.0679300Z Correcting 'Tests/ShowcaseTests/MarkdownReconstructionTests.swift' (168/182)
2025-11-13T00:32:38.0680320Z Correcting 'Tests/ShowcaseTests/OptimizationTests.swift' (169/182)
2025-11-13T00:32:38.0781400Z Correcting 'Tests/ShowcaseTests/NoteExtractionTests.swift' (170/182)
2025-11-13T00:32:38.0882530Z Correcting 'Tests/ShowcaseTests/NoteTests.swift' (171/182)
2025-11-13T00:32:38.0983560Z Correcting 'Tests/ShowcaseTests/PerformanceTests.swift' (172/182)
2025-11-13T00:32:38.1085270Z Correcting 'Tests/ShowcaseTests/MarkdownFormattingTests.swift' (173/182)
2025-11-13T00:32:38.1187010Z Correcting 'Tests/ShowcaseTests/ListExtractionTests.swift' (174/182)
2025-11-13T00:32:38.1289820Z Correcting 'Tests/ShowcaseTests/DefaultBuilderTests.swift' (175/182)
2025-11-13T00:32:38.1391100Z Correcting 'Tests/ShowcaseMacrosTests/DocCommentParserTests.swift' (176/182)
2025-11-13T00:32:38.1492180Z Correcting 'Tests/ShowcaseMacrosTests/ShowcasableBasicTests.swift' (177/182)
2025-11-13T00:32:38.1593400Z Correcting 'Tests/ShowcaseMacrosTests/ShowcasableExamplesTests.swift' (178/182)
2025-11-13T00:32:38.1694790Z Correcting 'Tests/ShowcaseMacrosTests/ShowcaseMacrosTestsBase.swift' (179/182)
2025-11-13T00:32:38.1796200Z Correcting 'Tests/ShowcaseMacrosTests/ShowcaseHiddenMacroTests.swift' (180/182)
2025-11-13T00:32:38.1897310Z Correcting 'Tests/ShowcaseMacrosTests/ShowcasableAutoDiscoveryTests.swift' (181/182)
2025-11-13T00:32:38.1999120Z Correcting 'Tests/ShowcaseMacrosTests/CodeBlockWhitespaceTests.swift' (182/182)
2025-11-13T00:32:38.2100380Z Done correcting 182 files!
2025-11-13T00:32:38.2236930Z ##[group]Run brew install swiftformat
2025-11-13T00:32:38.2237180Z [36;1mbrew install swiftformat[0m
2025-11-13T00:32:38.2237370Z [36;1mswiftformat Sources/ Tests/[0m
2025-11-13T00:32:38.2238800Z [36;1mecho "âœ… SwiftFormat applied successfully"[0m
2025-11-13T00:32:38.2353020Z shell: /bin/bash -e {0}
2025-11-13T00:32:38.2353250Z ##[endgroup]
2025-11-13T00:32:39.9035570Z ##[warning]swiftformat 0.58.5 is already installed and up-to-date.
To reinstall 0.58.5, run:
  brew reinstall swiftformat

2025-11-13T00:32:39.9438350Z Running SwiftFormat...
2025-11-13T00:32:39.9508400Z Reading config file at /Users/runner/work/swiftui-showcase/swiftui-showcase/.swiftformat
2025-11-13T00:32:39.9519850Z Reading swift-version file at /Users/runner/work/swiftui-showcase/swiftui-showcase/.swift-version (version 6.0)
2025-11-13T00:32:41.1231670Z SwiftFormat completed in 1.18s.
2025-11-13T00:32:41.1232090Z âœ… SwiftFormat applied successfully
2025-11-13T00:32:41.1233380Z 91/91 files formatted.
2025-11-13T00:32:41.1270550Z ##[group]Run chmod +x .github/scripts/fix-header-dates.sh
2025-11-13T00:32:41.1270970Z [36;1mchmod +x .github/scripts/fix-header-dates.sh[0m
2025-11-13T00:32:41.1271220Z [36;1m.github/scripts/fix-header-dates.sh[0m
2025-11-13T00:32:41.1308910Z shell: /bin/bash -e {0}
2025-11-13T00:32:41.1309100Z ##[endgroup]
2025-11-13T00:32:41.1621560Z Fixing header dates based on git history...
2025-11-13T00:32:42.5608160Z âœ… Fixed dates in 91 file(s)
2025-11-13T00:32:42.5638350Z ##[group]Run if git diff --quiet; then
2025-11-13T00:32:42.5638670Z [36;1mif git diff --quiet; then[0m
2025-11-13T00:32:42.5638890Z [36;1m  echo "has_changes=false" >> $GITHUB_OUTPUT[0m
2025-11-13T00:32:42.5639140Z [36;1m  echo "âœ… No formatting changes needed"[0m
2025-11-13T00:32:42.5639340Z [36;1melse[0m
2025-11-13T00:32:42.5639520Z [36;1m  echo "has_changes=true" >> $GITHUB_OUTPUT[0m
2025-11-13T00:32:42.5639720Z [36;1m  [0m
2025-11-13T00:32:42.5639860Z [36;1m  # Get list of changed files[0m
2025-11-13T00:32:42.5640100Z [36;1m  git diff --name-only > changed-files.txt[0m
2025-11-13T00:32:42.5640380Z [36;1m  FILE_COUNT=$(wc -l < changed-files.txt | xargs)[0m
2025-11-13T00:32:42.5640740Z [36;1m  echo "file_count=$FILE_COUNT" >> $GITHUB_OUTPUT[0m
2025-11-13T00:32:42.5641030Z [36;1m  [0m
2025-11-13T00:32:42.5641200Z [36;1m  # Get diff stats[0m
2025-11-13T00:32:42.5641550Z [36;1m  INSERTIONS=$(git diff --shortstat | grep -o '[0-9]* insertion' | awk '{print $1}' || echo "0")[0m
2025-11-13T00:32:42.5643860Z [36;1m  DELETIONS=$(git diff --shortstat | grep -o '[0-9]* deletion' | awk '{print $1}' || echo "0")[0m
2025-11-13T00:32:42.5644350Z [36;1m  echo "insertions=$INSERTIONS" >> $GITHUB_OUTPUT[0m
2025-11-13T00:32:42.5644630Z [36;1m  echo "deletions=$DELETIONS" >> $GITHUB_OUTPUT[0m
2025-11-13T00:32:42.5644840Z [36;1m  [0m
2025-11-13T00:32:42.5645010Z [36;1m  # Parse SwiftLint violations[0m
2025-11-13T00:32:42.5645240Z [36;1m  if [ -f swiftlint-before.json ]; then[0m
2025-11-13T00:32:42.5645560Z [36;1m    cat > parse_swiftlint.py << 'PYTHON_SCRIPT'[0m
2025-11-13T00:32:42.5645780Z [36;1mimport json[0m
2025-11-13T00:32:42.5645970Z [36;1mimport sys[0m
2025-11-13T00:32:42.5646150Z [36;1m[0m
2025-11-13T00:32:42.5646270Z [36;1mtry:[0m
2025-11-13T00:32:42.5646460Z [36;1m    with open('swiftlint-before.json', 'r') as f:[0m
2025-11-13T00:32:42.5646740Z [36;1m        violations = json.load(f)[0m
2025-11-13T00:32:42.5646950Z [36;1m    [0m
2025-11-13T00:32:42.5647100Z [36;1m    if not violations:[0m
2025-11-13T00:32:42.5647380Z [36;1m        print("No SwiftLint violations detected")[0m
2025-11-13T00:32:42.5647670Z [36;1m        sys.exit(0)[0m
2025-11-13T00:32:42.5647910Z [36;1m    [0m
2025-11-13T00:32:42.5648070Z [36;1m    # Group by rule[0m
2025-11-13T00:32:42.5648260Z [36;1m    by_rule = {}[0m
2025-11-13T00:32:42.5648480Z [36;1m    violation_details = [][0m
2025-11-13T00:32:42.5648740Z [36;1m    [0m
2025-11-13T00:32:42.5648920Z [36;1m    for v in violations:[0m
2025-11-13T00:32:42.5649160Z [36;1m        rule = v.get('rule_id', 'unknown')[0m
2025-11-13T00:32:42.5649410Z [36;1m        by_rule[rule] = by_rule.get(rule, 0) + 1[0m
2025-11-13T00:32:42.5649620Z [36;1m        [0m
2025-11-13T00:32:42.5649940Z [36;1m        file_path = v.get('file', '').replace('/Users/runner/work/swiftui-showcase/swiftui-showcase/', '')[0m
2025-11-13T00:32:42.5650300Z [36;1m        line = v.get('line', '?')[0m
2025-11-13T00:32:42.5650540Z [36;1m        severity = v.get('severity', 'warning')[0m
2025-11-13T00:32:42.5650830Z [36;1m        reason = v.get('reason', 'No description')[0m
2025-11-13T00:32:42.5651050Z [36;1m        [0m
2025-11-13T00:32:42.5651270Z [36;1m        violation_details.append({[0m
2025-11-13T00:32:42.5651550Z [36;1m            'file': file_path,[0m
2025-11-13T00:32:42.5651840Z [36;1m            'line': line,[0m
2025-11-13T00:32:42.5652070Z [36;1m            'rule': rule,[0m
2025-11-13T00:32:42.5652300Z [36;1m            'severity': severity,[0m
2025-11-13T00:32:42.5704950Z [36;1m            'reason': reason[0m
2025-11-13T00:32:42.5705150Z [36;1m        })[0m
2025-11-13T00:32:42.5705280Z [36;1m    [0m
2025-11-13T00:32:42.5705500Z [36;1m    print(f"### ðŸ”§ SwiftLint Fixes ({len(violations)} violations)\n")[0m
2025-11-13T00:32:42.5705780Z [36;1m    [0m
2025-11-13T00:32:42.5705960Z [36;1m    # Show top 10 violations with details[0m
2025-11-13T00:32:42.5706980Z [36;1m    print("| File:Line | Rule | Severity | Description |")[0m
2025-11-13T00:32:42.5707360Z [36;1m    print("|-----------|------|----------|-------------|")[0m
2025-11-13T00:32:42.5707680Z [36;1m    [0m
2025-11-13T00:32:42.5707840Z [36;1m    for v in violation_details[:10]:[0m
2025-11-13T00:32:42.5708160Z [36;1m        severity_emoji = "âš ï¸" if v['severity'] == 'warning' else "ðŸš«"[0m
2025-11-13T00:32:42.5708620Z [36;1m        rule_link = f"[`{v['rule']}`](https://realm.github.io/SwiftLint/rule-directory.html#{v['rule']})"[0m
2025-11-13T00:32:42.5709100Z [36;1m        print(f"| `{v['file']}:{v['line']}` | {rule_link} | {severity_emoji} {v['severity']} | {v['reason'][:80]} |")[0m
2025-11-13T00:32:42.5709420Z [36;1m    [0m
2025-11-13T00:32:42.5709610Z [36;1m    if len(violation_details) > 10:[0m
2025-11-13T00:32:42.5709870Z [36;1m        print(f"\n<details>")[0m
2025-11-13T00:32:42.5710180Z [36;1m        print(f"<summary>ðŸ“‹ View all {len(violation_details)} SwiftLint fixes</summary>\n")[0m
2025-11-13T00:32:42.5710540Z [36;1m        print("| File:Line | Rule | Severity | Description |")[0m
2025-11-13T00:32:42.5711120Z [36;1m        print("|-----------|------|----------|-------------|")[0m
2025-11-13T00:32:42.5711400Z [36;1m        for v in violation_details:[0m
2025-11-13T00:32:42.5711670Z [36;1m            severity_emoji = "âš ï¸" if v['severity'] == 'warning' else "ðŸš«"[0m
2025-11-13T00:32:42.5712120Z [36;1m            rule_link = f"[`{v['rule']}`](https://realm.github.io/SwiftLint/rule-directory.html#{v['rule']})"[0m
2025-11-13T00:32:42.5712610Z [36;1m            print(f"| `{v['file']}:{v['line']}` | {rule_link} | {severity_emoji} {v['severity']} | {v['reason'][:80]} |")[0m
2025-11-13T00:32:42.5712970Z [36;1m        print("\n</details>")[0m
2025-11-13T00:32:42.5713150Z [36;1m    [0m
2025-11-13T00:32:42.5713310Z [36;1m    # Rules summary[0m
2025-11-13T00:32:42.5713500Z [36;1m    print("\n### ðŸ“Š Rules Summary\n")[0m
2025-11-13T00:32:42.5713800Z [36;1m    sorted_rules = sorted(by_rule.items(), key=lambda x: x[1], reverse=True)[0m
2025-11-13T00:32:42.5714180Z [36;1m    for rule, count in sorted_rules:[0m
2025-11-13T00:32:42.5714520Z [36;1m        rule_link = f"[`{rule}`](https://realm.github.io/SwiftLint/rule-directory.html#{rule})"[0m
2025-11-13T00:32:42.5714910Z [36;1m        print(f"- {rule_link}: **{count}** fix{'es' if count > 1 else ''}")[0m
2025-11-13T00:32:42.5715160Z [36;1m[0m
2025-11-13T00:32:42.5715310Z [36;1mexcept Exception as e:[0m
2025-11-13T00:32:42.5715540Z [36;1m    print(f"Error parsing SwiftLint output: {e}")[0m
2025-11-13T00:32:42.5715800Z [36;1m    print("No SwiftLint violations detected")[0m
2025-11-13T00:32:42.5716030Z [36;1mPYTHON_SCRIPT[0m
2025-11-13T00:32:42.5716180Z [36;1m    [0m
2025-11-13T00:32:42.5716420Z [36;1m    python3 parse_swiftlint.py > swiftlint-summary.md[0m
2025-11-13T00:32:42.5716650Z [36;1m  fi[0m
2025-11-13T00:32:42.5716780Z [36;1m  [0m
2025-11-13T00:32:42.5716940Z [36;1m  echo "âœ… Changes analyzed"[0m
2025-11-13T00:32:42.5717110Z [36;1mfi[0m
2025-11-13T00:32:42.5754450Z shell: /bin/bash -e {0}
2025-11-13T00:32:42.5754760Z ##[endgroup]
2025-11-13T00:32:42.8370750Z âœ… Changes analyzed
2025-11-13T00:32:42.8677810Z ##[group]Run git config user.name "github-actions[bot]"
2025-11-13T00:32:42.8678170Z [36;1mgit config user.name "github-actions[bot]"[0m
2025-11-13T00:32:42.8678510Z [36;1mgit config user.email "github-actions[bot]@users.noreply.github.com"[0m
2025-11-13T00:32:42.8678790Z [36;1mgit add -A[0m
2025-11-13T00:32:42.8679030Z [36;1mgit commit -m "chore: apply SwiftLint & SwiftFormat [skip ci]"[0m
2025-11-13T00:32:42.8679290Z [36;1mgit push[0m
2025-11-13T00:32:42.8713140Z shell: /bin/bash -e {0}
2025-11-13T00:32:42.8713320Z ##[endgroup]
2025-11-13T00:32:43.0042240Z [main 7f40aff] chore: apply SwiftLint & SwiftFormat [skip ci]
2025-11-13T00:32:43.0042850Z  92 files changed, 92 insertions(+), 91 deletions(-)
2025-11-13T00:32:43.8719470Z To https://github.com/ipedro/swiftui-showcase
2025-11-13T00:32:43.8808500Z    c53714a..7f40aff  main -> main
2025-11-13T00:32:43.8851480Z ##[group]Run echo "## ðŸŽ¨ Auto-Format Summary" >> $GITHUB_STEP_SUMMARY
2025-11-13T00:32:43.8851980Z [36;1mecho "## ðŸŽ¨ Auto-Format Summary" >> $GITHUB_STEP_SUMMARY[0m
2025-11-13T00:32:43.8852290Z [36;1mecho "" >> $GITHUB_STEP_SUMMARY[0m
2025-11-13T00:32:43.8852570Z [36;1m[0m
2025-11-13T00:32:43.8852760Z [36;1mif [ "true" == "true" ]; then[0m
2025-11-13T00:32:43.8853030Z [36;1m  echo "### ðŸ“Š Statistics" >> $GITHUB_STEP_SUMMARY[0m
2025-11-13T00:32:43.8853300Z [36;1m  echo "" >> $GITHUB_STEP_SUMMARY[0m
2025-11-13T00:32:43.8853640Z [36;1m  echo "- ðŸ“ **Files Modified**: 92" >> $GITHUB_STEP_SUMMARY[0m
2025-11-13T00:32:43.8853960Z [36;1m  echo "- âž• **Lines Added**: 92" >> $GITHUB_STEP_SUMMARY[0m
2025-11-13T00:32:43.8854280Z [36;1m  echo "- âž– **Lines Removed**: 91" >> $GITHUB_STEP_SUMMARY[0m
2025-11-13T00:32:43.8854620Z [36;1m  echo "" >> $GITHUB_STEP_SUMMARY[0m
2025-11-13T00:32:43.8854870Z [36;1m  echo "---" >> $GITHUB_STEP_SUMMARY[0m
2025-11-13T00:32:43.8855200Z [36;1m  echo "" >> $GITHUB_STEP_SUMMARY[0m
2025-11-13T00:32:43.8855770Z [36;1m  [0m
2025-11-13T00:32:43.8856010Z [36;1m  # Add SwiftLint summary if available[0m
2025-11-13T00:32:43.8856280Z [36;1m  if [ -f swiftlint-summary.md ]; then[0m
2025-11-13T00:32:43.8856590Z [36;1m    cat swiftlint-summary.md >> $GITHUB_STEP_SUMMARY[0m
2025-11-13T00:32:43.8856880Z [36;1m    echo "" >> $GITHUB_STEP_SUMMARY[0m
2025-11-13T00:32:43.8857180Z [36;1m    echo "---" >> $GITHUB_STEP_SUMMARY[0m
2025-11-13T00:32:43.8857430Z [36;1m    echo "" >> $GITHUB_STEP_SUMMARY[0m
2025-11-13T00:32:43.8857660Z [36;1m  fi[0m
2025-11-13T00:32:43.8857880Z [36;1m  [0m
2025-11-13T00:32:43.8858050Z [36;1m  # List changed files[0m
2025-11-13T00:32:43.8858320Z [36;1m  echo "### ðŸ“ Files Modified" >> $GITHUB_STEP_SUMMARY[0m
2025-11-13T00:32:43.8858590Z [36;1m  echo "" >> $GITHUB_STEP_SUMMARY[0m
2025-11-13T00:32:43.8858920Z [36;1m  echo "| File | Changes |" >> $GITHUB_STEP_SUMMARY[0m
2025-11-13T00:32:43.8859220Z [36;1m  echo "|------|---------|" >> $GITHUB_STEP_SUMMARY[0m
2025-11-13T00:32:43.8859550Z [36;1m  git diff --numstat | while read additions deletions file; do[0m
2025-11-13T00:32:43.8859960Z [36;1m    echo "| \`$file\` | +$additions / -$deletions |" >> $GITHUB_STEP_SUMMARY[0m
2025-11-13T00:32:43.8860260Z [36;1m  done[0m
2025-11-13T00:32:43.8860450Z [36;1m  echo "" >> $GITHUB_STEP_SUMMARY[0m
2025-11-13T00:32:43.8860700Z [36;1m  echo "---" >> $GITHUB_STEP_SUMMARY[0m
2025-11-13T00:32:43.8861010Z [36;1m  echo "" >> $GITHUB_STEP_SUMMARY[0m
2025-11-13T00:32:43.8861230Z [36;1m  [0m
2025-11-13T00:32:43.8861420Z [36;1m  # Add link to commit[0m
2025-11-13T00:32:43.8861730Z [36;1m  echo "### ðŸ”— Resources" >> $GITHUB_STEP_SUMMARY[0m
2025-11-13T00:32:43.8862000Z [36;1m  echo "" >> $GITHUB_STEP_SUMMARY[0m
2025-11-13T00:32:43.8862470Z [36;1m  echo "- ðŸ“¦ [View Commit](https://github.com/ipedro/swiftui-showcase/commit/\$(git rev-parse HEAD))" >> $GITHUB_STEP_SUMMARY[0m
2025-11-13T00:32:43.8862920Z [36;1m  echo "" >> $GITHUB_STEP_SUMMARY[0m
2025-11-13T00:32:43.8863210Z [36;1m  [0m
2025-11-13T00:32:43.8863390Z [36;1m  # Add collapsible diff[0m
2025-11-13T00:32:43.8863650Z [36;1m  echo "<details>" >> $GITHUB_STEP_SUMMARY[0m
2025-11-13T00:32:43.8863980Z [36;1m  echo "<summary>ðŸ“„ Full Diff (click to expand)</summary>" >> $GITHUB_STEP_SUMMARY[0m
2025-11-13T00:32:43.8864280Z [36;1m  echo "" >> $GITHUB_STEP_SUMMARY[0m
2025-11-13T00:32:43.8864530Z [36;1m  echo "\`\`\`diff" >> $GITHUB_STEP_SUMMARY[0m
2025-11-13T00:32:43.8864840Z [36;1m  git diff --no-color | head -n 500 >> $GITHUB_STEP_SUMMARY[0m
2025-11-13T00:32:43.8865200Z [36;1m  echo "\`\`\`" >> $GITHUB_STEP_SUMMARY[0m
2025-11-13T00:32:43.8865420Z [36;1m  echo "" >> $GITHUB_STEP_SUMMARY[0m
2025-11-13T00:32:43.8865670Z [36;1m  echo "</details>" >> $GITHUB_STEP_SUMMARY[0m
2025-11-13T00:32:43.8865950Z [36;1m  echo "" >> $GITHUB_STEP_SUMMARY[0m
2025-11-13T00:32:43.8866480Z [36;1m  echo "âœ… **Formatting changes committed and pushed**" >> $GITHUB_STEP_SUMMARY[0m
2025-11-13T00:32:43.8866810Z [36;1melse[0m
2025-11-13T00:32:43.8867160Z [36;1m  echo "âœ… **No formatting changes needed** - code is already perfectly formatted!" >> $GITHUB_STEP_SUMMARY[0m
2025-11-13T00:32:43.8867540Z [36;1mfi[0m
2025-11-13T00:32:43.8898130Z shell: /bin/bash -e {0}
2025-11-13T00:32:43.8898340Z ##[endgroup]
2025-11-13T00:32:43.9358620Z Post job cleanup.
2025-11-13T00:32:44.1744070Z [command]/opt/homebrew/bin/git version
2025-11-13T00:32:44.1814970Z git version 2.50.1
2025-11-13T00:32:44.1832180Z Copying '/Users/runner/.gitconfig' to '/Users/runner/work/_temp/2cec8307-4417-4af0-89e3-5be6d3b6bf35/.gitconfig'
2025-11-13T00:32:44.1837880Z Temporarily overriding HOME='/Users/runner/work/_temp/2cec8307-4417-4af0-89e3-5be6d3b6bf35' before making global git config changes
2025-11-13T00:32:44.1838520Z Adding repository directory to the temporary git global config as a safe directory
2025-11-13T00:32:44.1841310Z [command]/opt/homebrew/bin/git config --global --add safe.directory /Users/runner/work/swiftui-showcase/swiftui-showcase
2025-11-13T00:32:44.1900430Z [command]/opt/homebrew/bin/git config --local --name-only --get-regexp core\.sshCommand
2025-11-13T00:32:44.1955180Z [command]/opt/homebrew/bin/git submodule foreach --recursive sh -c "git config --local --name-only --get-regexp 'core\.sshCommand' && git config --local --unset-all 'core.sshCommand' || :"
2025-11-13T00:32:44.2691320Z [command]/opt/homebrew/bin/git config --local --name-only --get-regexp http\.https\:\/\/github\.com\/\.extraheader
2025-11-13T00:32:44.2741430Z http.https://github.com/.extraheader
2025-11-13T00:32:44.2747710Z [command]/opt/homebrew/bin/git config --local --unset-all http.https://github.com/.extraheader
2025-11-13T00:32:44.2811520Z [command]/opt/homebrew/bin/git submodule foreach --recursive sh -c "git config --local --name-only --get-regexp 'http\.https\:\/\/github\.com\/\.extraheader' && git config --local --unset-all 'http.https://github.com/.extraheader' || :"
2025-11-13T00:32:44.3749370Z Cleaning up orphan processes